fc5005cd102fffc504bc1615010ebf88823d65f3
OK
2
1
-1
