fc5005cd102fffc504bc1615010ebf88823d65f3
OK
-1
1
7
-1
1
-1
-1
-1
-1
3
-1
-1
2
5
-1
3
-1
-1
-1
2
4
-1
-1
-1
-1
-1
-1
-1
-1
1
-1
4
1
-1
-1
1
-1
-1
-1
1
-1
1
2
-1
1
-1
1
-1
2
1
-1
-1
-1
-1
-1
-1
-1
-1
-1
-1
-1
-1
2
4
-1
1
-1
1
1
-1
-1
1
-1
-1
1
-1
-1
-1
3
-1
-1
-1
1
-1
3
1
-1
2
-1
2
-1
-1
-1
-1
-1
-1
3
-1
-1
3
4
2
-1
-1
-1
2
-1
-1
3
1
1
1
2
-1
-1
-1
2
-1
-1
-1
-1
-1
2
-1
-1
4
-1
2
-1
