fc5005cd102fffc504bc1615010ebf88823d65f3
OK
-1
1
-1
2
3
-1
-1
1
1
-1
2
-1
-1
4
1
8
1
3
1
3
-1
5
4
-1
3
1
2
6
3
-1
4
4
4
-1
-1
-1
-1
4
1
-1
5
-1
-1
2
-1
4
-1
-1
-1
6
-1
1
-1
2
5
-1
4
5
-1
-1
1
-1
1
-1
2
1
1
-1
1
-1
3
-1
-1
-1
-1
-1
3
3
-1
1
1
-1
3
-1
-1
5
4
3
2
1
-1
1
3
-1
-1
1
-1
-1
-1
3
-1
1
4
-1
-1
1
-1
1
-1
4
-1
-1
3
2
4
1
1
-1
-1
4
5
-1
-1
-1
7
-1
1
-1
-1
2
3
1
5
1
-1
2
4
-1
3
-1
1
-1
-1
-1
-1
-1
-1
4
2
2
3
2
-1
-1
3
1
1
-1
1
3
-1
8
1
-1
4
-1
2
-1
-1
-1
-1
1
-1
4
-1
-1
1
3
2
1
1
5
8
1
-1
4
5
3
3
1
3
-1
1
5
3
1
1
5
-1
-1
