fc5005cd102fffc504bc1615010ebf88823d65f3
OK
199
115
44
7
172
4
67
13
33
6
49
94
37
5
89
118
132
37
28
12
14
12
167
23
40
95
114
6
23
35
116
169
28
7
4
67
128
142
71
2
31
22
8
27
7
8
2
138
140
32
28
65
26
37
1
19
7
111
92
54
6
192
34
32
50
64
100
82
87
56
28
73
28
41
70
42
19
6
51
81
29
25
45
23
172
95
57
23
83
99
115
4
154
2
69
25
21
13
21
30
42
16
25
32
2
104
9
1
90
85
128
18
44
146
24
107
11
8
1
15
61
23
33
8
4
36
6
92
108
35
13
106
27
22
80
3
20
56
11
26
3
97
49
10
54
10
62
20
23
5
3
126
46
34
59
58
78
1
38
38
47
61
66
90
89
2
4
127
138
165
13
93
34
18
1
132
118
45
15
3
39
9
68
15
49
20
150
78
11
161
118
43
9
108
98
64
10
165
31
15
