fc5005cd102fffc504bc1615010ebf88823d65f3
OK
173
1
17
13
29
28
107
67
37
130
55
2
6
22
8
104
91
22
93
7
119
15
52
100
51
80
18
112
13
18
19
21
76
86
63
29
16
4
67
6
59
12
34
54
3
6
17
54
6
16
1
20
144
3
85
42
46
23
8
1
53
19
5
2
99
40
13
11
11
31
35
6
15
101
9
27
1
24
12
46
39
6
24
41
9
14
1
18
1
1
13
1
36
64
47
31
26
5
12
24
112
9
35
37
19
32
17
46
22
87
4
8
73
10
10
148
62
-1
101
6
1
3
25
112
-1
12
13
10
1
103
42
25
20
4
89
47
32
61
69
11
19
112
90
127
-1
33
135
5
71
121
29
32
2
13
14
59
3
7
44
44
120
106
1
8
21
75
1
21
83
83
7
2
25
20
121
17
2
22
32
125
25
37
46
2
69
67
1
17
89
62
94
118
121
36
15
1
2
23
16
77
