fc5005cd102fffc504bc1615010ebf88823d65f3
OK
54
2
6
40
1
21
13
-1
-1
-1
9
-1
-1
1
1
-1
2
22
2
-1
1
-1
3
8
28
2
6
4
12
14
6
-1
1
-1
6
-1
1
1
-1
2
16
-1
1
25
30
2
27
9
22
4
-1
15
43
12
10
42
7
1
3
81
5
27
9
6
1
9
11
2
55
10
-1
-1
-1
1
-1
1
4
-1
2
-1
-1
-1
6
3
1
-1
4
23
9
-1
12
7
3
6
2
1
2
60
23
2
4
5
2
5
1
9
14
-1
65
-1
2
-1
-1
-1
9
4
9
2
9
4
-1
-1
3
-1
-1
34
1
26
4
12
34
2
1
4
6
26
3
-1
8
2
1
4
1
8
37
-1
1
2
39
4
3
4
2
11
1
2
9
8
1
-1
22
6
7
11
-1
32
-1
1
14
12
16
7
45
57
2
24
7
-1
1
2
-1
6
16
2
-1
-1
-1
-1
32
9
2
8
-1
6
87
9
1
1
12
1
