fc5005cd102fffc504bc1615010ebf88823d65f3
OK
-1
-1
-1
-1
5
-1
-1
3
3
-1
3
-1
3
-1
-1
1
2
-1
2
1
-1
-1
-1
1
1
4
3
2
-1
1
2
2
-1
2
-1
1
1
3
1
-1
-1
-1
1
-1
2
-1
3
2
2
1
-1
2
-1
1
2
-1
-1
5
1
2
6
-1
-1
-1
-1
-1
1
2
3
-1
-1
-1
1
3
-1
1
-1
1
2
-1
-1
-1
-1
1
3
-1
-1
1
1
-1
-1
-1
2
-1
2
-1
2
1
-1
1
2
-1
1
3
-1
-1
2
-1
-1
-1
-1
-1
2
1
-1
1
3
-1
1
-1
-1
-1
-1
-1
-1
-1
1
-1
4
3
-1
-1
-1
-1
-1
-1
1
-1
1
1
3
-1
2
1
-1
-1
-1
2
-1
3
4
3
-1
1
3
1
-1
-1
2
-1
2
-1
-1
-1
2
1
-1
2
-1
-1
-1
-1
1
-1
2
2
1
1
1
-1
-1
2
-1
-1
-1
-1
1
2
-1
-1
-1
-1
-1
1
1
3
-1
-1
2
-1
