fc5005cd102fffc504bc1615010ebf88823d65f3
OK
67
3
1
10
23
11
7
1
1
1
5
20
36
-1
1
1
8
1
5
10
6
14
7
1
6
2
-1
1
11
1
1
38
1
1
5
39
-1
1
1
1
1
-1
15
5
30
1
1
1
18
9
-1
15
42
1
7
1
1
9
1
-1
1
4
1
-1
1
1
1
7
1
-1
1
1
1
1
-1
1
10
1
-1
34
3
16
-1
39
1
9
4
5
1
5
1
1
2
3
4
8
3
1
16
1
3
9
-1
-1
1
1
-1
1
1
32
-1
1
22
1
2
1
-1
9
-1
11
-1
16
1
-1
1
31
-1
2
15
1
14
-1
5
-1
-1
34
40
-1
34
1
4
2
3
45
28
3
-1
17
5
40
-1
2
-1
1
3
1
1
4
-1
11
4
6
1
28
7
1
8
47
19
1
19
1
-1
1
14
1
20
16
5
8
1
2
1
10
-1
2
4
1
1
1
-1
2
42
1
-1
1
1
8
1
1
