fc5005cd102fffc504bc1615010ebf88823d65f3
OK
1
1
39
-1
1
-1
4
-1
-1
1
1
21
1
1
1
1
1
1
-1
-1
22
1
5
1
46
-1
6
1
35
-1
2
1
-1
-1
1
1
8
-1
6
-1
4
1
-1
1
1
3
-1
1
13
1
1
1
1
5
-1
1
1
2
20
-1
1
-1
12
1
5
4
21
1
1
8
-1
3
29
-1
-1
1
13
16
16
-1
27
34
1
1
1
-1
1
4
7
-1
-1
1
1
1
1
34
-1
8
4
35
1
36
-1
-1
1
14
6
1
-1
1
-1
1
25
3
1
1
1
-1
-1
1
17
1
1
1
1
1
-1
20
-1
16
6
1
1
1
6
18
7
1
-1
-1
15
13
19
1
1
-1
32
1
-1
7
1
1
1
14
-1
1
8
1
3
1
-1
-1
1
9
1
1
1
1
21
1
1
-1
-1
16
1
1
1
1
1
1
1
1
1
20
4
1
1
1
1
1
-1
1
-1
-1
14
3
1
12
-1
1
