fc5005cd102fffc504bc1615010ebf88823d65f3
OK
199999
11599
24439
7706
120050
