fc5005cd102fffc504bc1615010ebf88823d65f3
OK
82315
1
1
19729
1
