fc5005cd102fffc504bc1615010ebf88823d65f3
OK
141209
3071
17076
2
41855
