fc5005cd102fffc504bc1615010ebf88823d65f3
OK
67
2
34
-1
4
-1
12
-1
3
32
26
3
-1
5
2
-1
4
2
-1
6
2
-1
-1
2
3
-1
-1
-1
5
1
2
1
-1
33
1
3
20
9
-1
-1
3
7
16
2
37
5
-1
1
15
25
16
10
3
33
-1
3
14
16
7
-1
19
5
11
3
8
5
8
11
31
10
3
26
3
-1
-1
1
39
24
-1
14
3
-1
16
3
18
16
1
16
14
-1
-1
43
48
-1
-1
1
34
1
44
3
-1
-1
17
3
-1
2
-1
1
-1
7
12
7
-1
3
1
8
21
-1
-1
-1
39
-1
2
1
22
3
25
3
2
7
-1
6
48
21
25
1
2
1
7
1
24
-1
2
3
1
10
3
3
-1
17
1
1
9
-1
8
4
3
10
-1
1
48
7
-1
16
19
32
3
-1
3
2
55
17
4
1
2
2
4
3
-1
7
-1
10
-1
3
3
3
-1
-1
20
3
-1
24
1
-1
42
12
-1
14
3
55
