fc5005cd102fffc504bc1615010ebf88823d65f3
OK
187
100
16
28
13
