fc5005cd102fffc504bc1615010ebf88823d65f3
OK
67
58
2
-1
-1
24
11
29
3
26
7
-1
11
37
24
-1
41
9
-1
5
-1
2
-1
13
2
18
50
53
-1
2
-1
4
37
-1
20
-1
28
14
24
-1
32
7
7
4
-1
1
28
22
1
8
33
30
3
-1
22
4
10
11
10
2
6
-1
-1
3
59
31
-1
5
-1
18
37
27
-1
54
-1
-1
-1
-1
34
5
21
1
12
-1
-1
51
34
12
42
28
-1
35
30
2
32
5
13
-1
-1
-1
11
-1
25
23
13
-1
3
28
10
17
-1
47
20
29
8
20
1
14
-1
23
24
10
7
25
1
4
35
-1
-1
36
15
3
4
1
2
26
7
9
29
-1
-1
-1
23
38
33
-1
-1
7
-1
2
27
-1
-1
4
5
13
3
46
-1
48
-1
12
46
-1
-1
23
-1
18
50
-1
16
22
15
6
4
15
21
-1
-1
31
27
16
-1
-1
7
-1
44
17
5
43
25
24
1
-1
-1
-1
57
4
21
-1
