fc5005cd102fffc504bc1615010ebf88823d65f3
OK
156
-1
10
39
143
-1
34
3
6
11
-1
15
86
28
-1
10
1
36
71
-1
24
-1
6
95
15
34
26
25
24
29
42
9
11
47
6
-1
21
1
35
51
21
-1
34
22
31
25
17
-1
22
8
26
41
30
46
18
127
55
27
134
15
1
38
4
43
20
43
7
-1
41
4
4
1
30
19
84
48
-1
73
7
12
32
-1
6
15
41
46
50
77
29
73
60
5
56
10
13
6
65
-1
101
137
7
58
5
31
18
8
17
7
4
42
24
4
41
132
6
-1
62
-1
91
108
97
64
10
56
-1
80
14
8
78
-1
62
-1
25
-1
-1
13
2
25
24
1
63
35
38
24
10
44
102
14
31
54
-1
16
33
6
18
48
70
97
51
3
29
5
35
-1
-1
52
-1
32
10
52
10
49
73
29
-1
35
25
70
40
-1
60
41
29
19
-1
1
8
88
30
-1
27
39
17
38
14
15
78
123
25
-1
