fc5005cd102fffc504bc1615010ebf88823d65f3
OK
169
116
68
108
10
102
89
88
10
-1
50
98
31
32
62
45
12
134
13
72
26
113
141
13
7
80
137
7
8
126
51
3
33
58
71
27
111
35
44
85
101
91
25
47
122
8
38
22
11
57
50
46
29
55
24
20
46
16
83
1
114
39
14
57
71
3
82
4
41
18
4
-1
17
119
91
4
37
37
-1
4
-1
3
37
122
43
57
74
51
7
76
44
65
3
52
56
37
69
8
16
1
11
85
52
27
17
57
87
38
36
4
88
123
22
131
88
17
50
60
15
116
50
9
24
83
77
39
4
23
54
104
161
75
6
28
65
60
48
92
17
12
35
5
35
132
68
4
111
23
92
107
68
17
61
28
70
41
8
28
32
38
8
1
19
29
17
111
65
52
8
6
-1
51
95
5
60
56
1
33
45
81
15
27
118
119
36
16
1
108
-1
67
8
58
13
9
61
57
22
98
111
26
