fc5005cd102fffc504bc1615010ebf88823d65f3
OK
502
245
339
232
23
