fc5005cd102fffc504bc1615010ebf88823d65f3
OK
667
1
1
14
322
