fc5005cd102fffc504bc1615010ebf88823d65f3
OK
66667
-1
-1
8489
1194
