fc5005cd102fffc504bc1615010ebf88823d65f3
OK
152291
4583
12326
47151
-1
