fc5005cd102fffc504bc1615010ebf88823d65f3
OK
169328
628
30117
1707
20258
