fc5005cd102fffc504bc1615010ebf88823d65f3
OK
66667
37489
8509
-1
-1
