0a7385ba87a80c36d1403904d6d65e155ddd6e9c
OK
323345347
