064bde9ff69ddc34b3b45c2d26d58873d85290d3
OK
10 5 1 0 0
