064bde9ff69ddc34b3b45c2d26d58873d85290d3
OK
1110 1100 1090 1080 1070 1060 1050 1040 1030 1020 1010 1000 990 980 970 960 950 940 930 920 911 902 893 884 875 866 857 848 839 830 821 812 803 794 785 776 767 758 749 740 731 722 714 706 698 690 682 674 666 658 650 642 634 626 618 610 602 594 586 578 570 562 554 546 538 530 522 514 506 498 491 484 477 470 463 456 449 442 435 428 421 414 407 400 394 388 382 376 370 364 358 352 346 340 334 329 324 319 314 309 304 299 294 289 284 279 274 269 264 259 254 249 244 239 234 229 224 219 214 209 204 200 196 192 188 184 180 176 172 168 164 160 156 152 148 144 140 136 132 128 125 122 119 116 113 110 107 104 101 98 95 92 89 86 83 80 77 74 71 68 65 62 59 56 53 50 48 46 44 42 40 38 36 34 32 30 28 26 24 22 20 18 17 16 15 14 13 12 11 10 9 8 7 6 5 4 3 2 1 0
