064bde9ff69ddc34b3b45c2d26d58873d85290d3
OK
1376 1366 1356 1346 1336 1326 1316 1306 1296 1286 1276 1266 1256 1246 1236 1226 1216 1206 1196 1186 1176 1166 1156 1146 1136 1126 1117 1108 1099 1090 1081 1072 1063 1054 1045 1036 1027 1018 1009 1000 991 982 973 964 955 946 937 928 919 910 901 892 883 874 865 856 847 838 829 820 811 803 795 787 779 771 763 755 747 739 731 723 715 707 699 691 683 675 667 659 651 643 635 627 619 611 604 597 590 583 576 569 562 555 548 541 534 527 520 513 506 499 492 485 478 471 464 457 450 443 436 429 422 415 408 401 394 387 380 373 367 361 355 349 343 337 331 325 319 313 307 301 295 289 283 277 271 265 259 253 247 241 235 229 223 217 211 205 199 193 187 181 175 170 165 160 155 150 145 140 135 130 125 120 115 110 105 100 95 90 85 80 75 70 65 60 55 50 45 40 35 30 25 20 15 10 5 0
